../Core/Src/lvgl/src/display/../display/../core/../misc/../font/../draw/../misc/../stdlib/lv_string.h:73:20:lv_memzero	16	static
../Core/Src/lvgl/src/display/lv_display.c:62:16:lv_display_create	40	static
../Core/Src/lvgl/src/display/lv_display.c:173:6:lv_display_delete	24	static
../Core/Src/lvgl/src/display/lv_display.c:229:6:lv_display_set_default	16	static
../Core/Src/lvgl/src/display/lv_display.c:234:16:lv_display_get_default	4	static
../Core/Src/lvgl/src/display/lv_display.c:239:16:lv_display_get_next	16	static
../Core/Src/lvgl/src/display/lv_display.c:251:6:lv_display_set_resolution	24	static
../Core/Src/lvgl/src/display/lv_display.c:264:6:lv_display_set_physical_resolution	24	static
../Core/Src/lvgl/src/display/lv_display.c:276:6:lv_display_set_offset	24	static
../Core/Src/lvgl/src/display/lv_display.c:288:6:lv_display_set_dpi	16	static
../Core/Src/lvgl/src/display/lv_display.c:296:9:lv_display_get_horizontal_resolution	16	static
../Core/Src/lvgl/src/display/lv_display.c:314:9:lv_display_get_vertical_resolution	16	static
../Core/Src/lvgl/src/display/lv_display.c:332:9:lv_display_get_original_horizontal_resolution	16	static
../Core/Src/lvgl/src/display/lv_display.c:342:9:lv_display_get_original_vertical_resolution	16	static
../Core/Src/lvgl/src/display/lv_display.c:352:9:lv_display_get_physical_horizontal_resolution	16	static
../Core/Src/lvgl/src/display/lv_display.c:370:9:lv_display_get_physical_vertical_resolution	16	static
../Core/Src/lvgl/src/display/lv_display.c:388:9:lv_display_get_offset_x	16	static
../Core/Src/lvgl/src/display/lv_display.c:409:9:lv_display_get_offset_y	16	static
../Core/Src/lvgl/src/display/lv_display.c:430:9:lv_display_get_dpi	16	static
../Core/Src/lvgl/src/display/lv_display.c:441:6:lv_display_set_draw_buffers	24	static
../Core/Src/lvgl/src/display/lv_display.c:453:6:lv_display_set_3rd_draw_buffer	16	static
../Core/Src/lvgl/src/display/lv_display.c:464:6:lv_display_set_buffers	56	static
../Core/Src/lvgl/src/display/lv_display.c:498:6:lv_display_set_buffers_with_stride	56	static
../Core/Src/lvgl/src/display/lv_display.c:530:6:lv_display_set_render_mode	16	static
../Core/Src/lvgl/src/display/lv_display.c:537:6:lv_display_set_flush_cb	16	static
../Core/Src/lvgl/src/display/lv_display.c:545:6:lv_display_set_flush_wait_cb	16	static
../Core/Src/lvgl/src/display/lv_display.c:553:6:lv_display_set_color_format	16	static
../Core/Src/lvgl/src/display/lv_display.c:567:19:lv_display_get_color_format	16	static
../Core/Src/lvgl/src/display/lv_display.c:575:6:lv_display_set_tile_cnt	16	static
../Core/Src/lvgl/src/display/lv_display.c:585:10:lv_display_get_tile_cnt	16	static
../Core/Src/lvgl/src/display/lv_display.c:593:6:lv_display_set_antialiasing	16	static
../Core/Src/lvgl/src/display/lv_display.c:601:6:lv_display_get_antialiasing	16	static
../Core/Src/lvgl/src/display/lv_display.c:609:31:lv_display_flush_ready	16	static
../Core/Src/lvgl/src/display/lv_display.c:614:31:lv_display_flush_is_last	16	static
../Core/Src/lvgl/src/display/lv_display.c:619:6:lv_display_is_double_buffered	16	static
../Core/Src/lvgl/src/display/lv_display.c:628:12:lv_display_get_screen_active	16	static
../Core/Src/lvgl/src/display/lv_display.c:639:12:lv_display_get_screen_prev	16	static
../Core/Src/lvgl/src/display/lv_display.c:650:12:lv_display_get_layer_top	16	static
../Core/Src/lvgl/src/display/lv_display.c:661:12:lv_display_get_layer_sys	16	static
../Core/Src/lvgl/src/display/lv_display.c:672:12:lv_display_get_layer_bottom	16	static
../Core/Src/lvgl/src/display/lv_display.c:683:6:lv_screen_load	24	static
../Core/Src/lvgl/src/display/lv_display.c:688:6:lv_screen_load_anim	224	static
../Core/Src/lvgl/src/display/lv_display.c:836:6:lv_display_add_event_cb	24	static
../Core/Src/lvgl/src/display/lv_display.c:843:10:lv_display_get_event_count	16	static
../Core/Src/lvgl/src/display/lv_display.c:849:18:lv_display_get_event_dsc	16	static
../Core/Src/lvgl/src/display/lv_display.c:856:6:lv_display_delete_event	16	static
../Core/Src/lvgl/src/display/lv_display.c:863:10:lv_display_remove_event_cb_with_user_data	40	static
../Core/Src/lvgl/src/display/lv_display.c:882:13:lv_display_send_event	56	static
../Core/Src/lvgl/src/display/lv_display.c:901:13:lv_event_get_invalidated_area	16	static
../Core/Src/lvgl/src/display/lv_display.c:912:6:lv_display_set_rotation	16	static
../Core/Src/lvgl/src/display/lv_display.c:921:23:lv_display_get_rotation	16	static
../Core/Src/lvgl/src/display/lv_display.c:928:6:lv_display_set_matrix_rotation	16	static
../Core/Src/lvgl/src/display/lv_display.c:947:6:lv_display_get_matrix_rotation	16	static
../Core/Src/lvgl/src/display/lv_display.c:954:6:lv_display_set_theme	16	static
../Core/Src/lvgl/src/display/lv_display.c:972:14:lv_display_get_theme	16	static
../Core/Src/lvgl/src/display/lv_display.c:978:10:lv_display_get_inactive_time	32	static
../Core/Src/lvgl/src/display/lv_display.c:994:6:lv_display_trigger_activity	16	static
../Core/Src/lvgl/src/display/lv_display.c:1005:6:lv_display_enable_invalidation	16	static
../Core/Src/lvgl/src/display/lv_display.c:1016:6:lv_display_is_invalidation_enabled	16	static
../Core/Src/lvgl/src/display/lv_display.c:1027:14:lv_display_get_refr_timer	16	static
../Core/Src/lvgl/src/display/lv_display.c:1035:6:lv_display_delete_refr_timer	16	static
../Core/Src/lvgl/src/display/lv_display.c:1044:13:lv_display_send_vsync_event	16	static
../Core/Src/lvgl/src/display/lv_display.c:1055:6:lv_display_register_vsync_event	24	static
../Core/Src/lvgl/src/display/lv_display.c:1070:6:lv_display_unregister_vsync_event	32	static
../Core/Src/lvgl/src/display/lv_display.c:1087:6:lv_display_set_user_data	16	static
../Core/Src/lvgl/src/display/lv_display.c:1094:6:lv_display_set_driver_data	16	static
../Core/Src/lvgl/src/display/lv_display.c:1102:8:lv_display_get_user_data	16	static
../Core/Src/lvgl/src/display/lv_display.c:1109:8:lv_display_get_driver_data	16	static
../Core/Src/lvgl/src/display/lv_display.c:1117:17:lv_display_get_buf_active	16	static
../Core/Src/lvgl/src/display/lv_display.c:1124:6:lv_display_rotate_area	32	static
../Core/Src/lvgl/src/display/lv_display.c:1157:10:lv_display_get_draw_buf_size	16	static
../Core/Src/lvgl/src/display/lv_display.c:1168:10:lv_display_get_invalidated_draw_buf_size	40	static
../Core/Src/lvgl/src/display/lv_display.c:1189:12:lv_screen_active	8	static
../Core/Src/lvgl/src/display/lv_display.c:1194:12:lv_layer_top	8	static
../Core/Src/lvgl/src/display/lv_display.c:1199:12:lv_layer_sys	8	static
../Core/Src/lvgl/src/display/lv_display.c:1204:12:lv_layer_bottom	8	static
../Core/Src/lvgl/src/display/lv_display.c:1209:9:lv_dpx	16	static
../Core/Src/lvgl/src/display/lv_display.c:1214:9:lv_display_dpx	16	static
../Core/Src/lvgl/src/display/lv_display.c:1223:13:update_resolution	48	static
../Core/Src/lvgl/src/display/lv_display.c:1259:31:invalidate_layout_cb	16	static
../Core/Src/lvgl/src/display/lv_display.c:1266:13:scr_load_internal	24	static
../Core/Src/lvgl/src/display/lv_display.c:1289:13:scr_load_anim_start	24	static
../Core/Src/lvgl/src/display/lv_display.c:1299:13:opa_scale_anim	16	static
../Core/Src/lvgl/src/display/lv_display.c:1304:13:set_x_anim	16	static
../Core/Src/lvgl/src/display/lv_display.c:1309:13:set_y_anim	16	static
../Core/Src/lvgl/src/display/lv_display.c:1314:13:scr_anim_completed	24	static
../Core/Src/lvgl/src/display/lv_display.c:1329:13:is_out_anim	16	static
../Core/Src/lvgl/src/display/lv_display.c:1338:13:disp_event_cb	24	static
