../Core/Src/lvgl/src/widgets/roller/../../core/lv_obj_style_gen.h:112:23:lv_obj_get_style_transform_scale_x	24	static
../Core/Src/lvgl/src/widgets/roller/../../core/lv_obj_style_gen.h:118:23:lv_obj_get_style_transform_scale_y	24	static
../Core/Src/lvgl/src/widgets/roller/../../core/lv_obj_style_gen.h:124:23:lv_obj_get_style_transform_rotation	24	static
../Core/Src/lvgl/src/widgets/roller/../../core/lv_obj_style_gen.h:166:23:lv_obj_get_style_pad_left	24	static
../Core/Src/lvgl/src/widgets/roller/../../core/lv_obj_style_gen.h:172:23:lv_obj_get_style_pad_right	24	static
../Core/Src/lvgl/src/widgets/roller/../../core/lv_obj_style_gen.h:340:23:lv_obj_get_style_border_width	24	static
../Core/Src/lvgl/src/widgets/roller/../../core/lv_obj_style_gen.h:550:33:lv_obj_get_style_text_font	24	static
../Core/Src/lvgl/src/widgets/roller/../../core/lv_obj_style_gen.h:556:23:lv_obj_get_style_text_letter_space	24	static
../Core/Src/lvgl/src/widgets/roller/../../core/lv_obj_style_gen.h:562:23:lv_obj_get_style_text_line_space	24	static
../Core/Src/lvgl/src/widgets/roller/../../core/lv_obj_style_gen.h:664:24:lv_obj_get_style_anim_duration	24	static
../Core/Src/lvgl/src/widgets/roller/../../core/lv_obj_style.h:290:23:lv_obj_get_style_transform_scale_x_safe	24	static
../Core/Src/lvgl/src/widgets/roller/../../core/lv_obj_style.h:296:23:lv_obj_get_style_transform_scale_y_safe	24	static
../Core/Src/lvgl/src/widgets/roller/lv_roller.c:116:12:lv_roller_create	24	static
../Core/Src/lvgl/src/widgets/roller/lv_roller.c:128:6:lv_roller_set_options	72	static
../Core/Src/lvgl/src/widgets/roller/lv_roller.c:189:6:lv_roller_set_selected	48	static
../Core/Src/lvgl/src/widgets/roller/lv_roller.c:223:6:lv_roller_set_selected_str	48	static
../Core/Src/lvgl/src/widgets/roller/lv_roller.c:250:6:lv_roller_set_visible_row_count	32	static
../Core/Src/lvgl/src/widgets/roller/lv_roller.c:264:10:lv_roller_get_selected	24	static
../Core/Src/lvgl/src/widgets/roller/lv_roller.c:278:6:lv_roller_get_selected_str	56	static
../Core/Src/lvgl/src/widgets/roller/lv_roller.c:310:14:lv_roller_get_options	16	static
../Core/Src/lvgl/src/widgets/roller/lv_roller.c:317:10:lv_roller_get_option_count	24	static
../Core/Src/lvgl/src/widgets/roller/lv_roller.c:334:13:lv_roller_constructor	24	static
../Core/Src/lvgl/src/widgets/roller/lv_roller.c:356:13:lv_roller_event	96	static
../Core/Src/lvgl/src/widgets/roller/lv_roller.c:485:13:lv_roller_label_event	48	static
../Core/Src/lvgl/src/widgets/roller/lv_roller.c:516:13:draw_main	312	static
../Core/Src/lvgl/src/widgets/roller/lv_roller.c:598:13:draw_label	240	static
../Core/Src/lvgl/src/widgets/roller/lv_roller.c:650:13:get_sel_area	64	static
../Core/Src/lvgl/src/widgets/roller/lv_roller.c:674:13:refr_position	176	static
../Core/Src/lvgl/src/widgets/roller/lv_roller.c:734:20:release_handler	128	static
../Core/Src/lvgl/src/widgets/roller/lv_roller.c:823:13:inf_normalize	56	static
../Core/Src/lvgl/src/widgets/roller/lv_roller.c:850:19:get_label	16	static
../Core/Src/lvgl/src/widgets/roller/lv_roller.c:855:16:get_selected_label_width	56	static
../Core/Src/lvgl/src/widgets/roller/lv_roller.c:868:13:scroll_anim_completed_cb	24	static
../Core/Src/lvgl/src/widgets/roller/lv_roller.c:874:13:set_y_anim	16	static
../Core/Src/lvgl/src/widgets/roller/lv_roller.c:879:13:transform_vect_recursive	56	static
