../Core/Src/lvgl/src/widgets/image/../../core/lv_obj_style_gen.h:430:24:lv_obj_get_style_image_opa	24	static
../Core/Src/lvgl/src/widgets/image/../../core/lv_obj_style_gen.h:550:33:lv_obj_get_style_text_font	24	static
../Core/Src/lvgl/src/widgets/image/../../core/lv_obj_style_gen.h:556:23:lv_obj_get_style_text_letter_space	24	static
../Core/Src/lvgl/src/widgets/image/../../core/lv_obj_style_gen.h:562:23:lv_obj_get_style_text_line_space	24	static
../Core/Src/lvgl/src/widgets/image/../../core/lv_obj_style_gen.h:604:23:lv_obj_get_style_radius	24	static
../Core/Src/lvgl/src/widgets/image/lv_image.c:139:12:lv_image_create	24	static
../Core/Src/lvgl/src/widgets/image/lv_image.c:151:6:lv_image_set_src	88	static
../Core/Src/lvgl/src/widgets/image/lv_image.c:262:6:lv_image_set_offset_x	24	static
../Core/Src/lvgl/src/widgets/image/lv_image.c:272:6:lv_image_set_offset_y	24	static
../Core/Src/lvgl/src/widgets/image/lv_image.c:282:6:lv_image_set_rotation	80	static
../Core/Src/lvgl/src/widgets/image/lv_image.c:327:6:lv_image_set_pivot	88	static
../Core/Src/lvgl/src/widgets/image/lv_image.c:370:6:lv_image_set_scale	24	static
../Core/Src/lvgl/src/widgets/image/lv_image.c:386:6:lv_image_set_scale_x	24	static
../Core/Src/lvgl/src/widgets/image/lv_image.c:402:6:lv_image_set_scale_y	24	static
../Core/Src/lvgl/src/widgets/image/lv_image.c:418:6:lv_image_set_blend_mode	24	static
../Core/Src/lvgl/src/widgets/image/lv_image.c:432:6:lv_image_set_antialias	24	static
../Core/Src/lvgl/src/widgets/image/lv_image.c:443:6:lv_image_set_inner_align	24	static
../Core/Src/lvgl/src/widgets/image/lv_image.c:462:6:lv_image_set_bitmap_map_src	24	static
../Core/Src/lvgl/src/widgets/image/lv_image.c:474:14:lv_image_get_src	24	static
../Core/Src/lvgl/src/widgets/image/lv_image.c:483:9:lv_image_get_offset_x	24	static
../Core/Src/lvgl/src/widgets/image/lv_image.c:492:9:lv_image_get_offset_y	24	static
../Core/Src/lvgl/src/widgets/image/lv_image.c:501:9:lv_image_get_rotation	24	static
../Core/Src/lvgl/src/widgets/image/lv_image.c:510:6:lv_image_get_pivot	24	static
../Core/Src/lvgl/src/widgets/image/lv_image.c:520:9:lv_image_get_scale	24	static
../Core/Src/lvgl/src/widgets/image/lv_image.c:529:9:lv_image_get_scale_x	24	static
../Core/Src/lvgl/src/widgets/image/lv_image.c:538:9:lv_image_get_scale_y	24	static
../Core/Src/lvgl/src/widgets/image/lv_image.c:547:9:lv_image_get_src_width	24	static
../Core/Src/lvgl/src/widgets/image/lv_image.c:557:9:lv_image_get_src_height	24	static
../Core/Src/lvgl/src/widgets/image/lv_image.c:567:9:lv_image_get_transformed_width	80	static
../Core/Src/lvgl/src/widgets/image/lv_image.c:583:9:lv_image_get_transformed_height	80	static
../Core/Src/lvgl/src/widgets/image/lv_image.c:599:17:lv_image_get_blend_mode	24	static
../Core/Src/lvgl/src/widgets/image/lv_image.c:608:6:lv_image_get_antialias	24	static
../Core/Src/lvgl/src/widgets/image/lv_image.c:617:18:lv_image_get_inner_align	24	static
../Core/Src/lvgl/src/widgets/image/lv_image.c:626:24:lv_image_get_bitmap_map_src	24	static
../Core/Src/lvgl/src/widgets/image/lv_image.c:639:13:lv_image_constructor	24	static
../Core/Src/lvgl/src/widgets/image/lv_image.c:665:13:lv_image_destructor	24	static
../Core/Src/lvgl/src/widgets/image/lv_image.c:676:13:lv_image_event	144	static
../Core/Src/lvgl/src/widgets/image/lv_image.c:762:13:draw_image	272	static
../Core/Src/lvgl/src/widgets/image/lv_image.c:919:13:scale_update	88	static
../Core/Src/lvgl/src/widgets/image/lv_image.c:954:13:update_align	56	static
