../Core/Src/lvgl/src/draw/sw/blend/../../../misc/../font/../draw/../misc/lv_color.h:449:46:lv_color_swap_16	16	static
../Core/Src/lvgl/src/draw/sw/blend/lv_draw_sw_blend_to_l8.c:187:28:lv_draw_sw_blend_color_to_l8	72	static
../Core/Src/lvgl/src/draw/sw/blend/lv_draw_sw_blend_to_l8.c:289:28:lv_draw_sw_blend_image_to_l8	16	static
../Core/Src/lvgl/src/draw/sw/blend/lv_draw_sw_blend_to_l8.c:341:35:i1_image_blend	72	static
../Core/Src/lvgl/src/draw/sw/blend/lv_draw_sw_blend_to_l8.c:428:35:l8_image_blend	72	static
../Core/Src/lvgl/src/draw/sw/blend/lv_draw_sw_blend_to_l8.c:510:35:al88_image_blend	80	static
../Core/Src/lvgl/src/draw/sw/blend/lv_draw_sw_blend_to_l8.c:598:35:rgb565_image_blend	80	static
../Core/Src/lvgl/src/draw/sw/blend/lv_draw_sw_blend_to_l8.c:684:35:rgb565_image_blend_swapped	80	static
../Core/Src/lvgl/src/draw/sw/blend/lv_draw_sw_blend_to_l8.c:783:35:rgb888_image_blend	88	static
../Core/Src/lvgl/src/draw/sw/blend/lv_draw_sw_blend_to_l8.c:875:35:argb8888_image_blend	72	static
../Core/Src/lvgl/src/draw/sw/blend/lv_draw_sw_blend_to_l8.c:956:42:lv_color_8_8_mix	24	static
../Core/Src/lvgl/src/draw/sw/blend/lv_draw_sw_blend_to_l8.c:972:45:get_bit	16	static
../Core/Src/lvgl/src/draw/sw/blend/lv_draw_sw_blend_to_l8.c:979:42:blend_non_normal_pixel	32	static
../Core/Src/lvgl/src/draw/sw/blend/lv_draw_sw_blend_to_l8.c:1003:44:drawbuf_next_row	16	static
../Core/Src/lvgl/src/draw/sw/blend/lv_draw_sw_blend_to_l8.c:1008:50:lv_color16_from_u16	24	static
