../Core/Src/lvgl/src/misc/../core/../draw/../misc/../font/../draw/../misc/../stdlib/lv_string.h:73:20:lv_memzero	16	static
../Core/Src/lvgl/src/misc/lv_anim.c:69:6:lv_anim_core_init	8	static
../Core/Src/lvgl/src/misc/lv_anim.c:78:6:lv_anim_core_deinit	8	static
../Core/Src/lvgl/src/misc/lv_anim.c:83:6:lv_anim_init	16	static
../Core/Src/lvgl/src/misc/lv_anim.c:94:13:lv_anim_start	24	static
../Core/Src/lvgl/src/misc/lv_anim.c:143:10:lv_anim_get_playtime	24	static
../Core/Src/lvgl/src/misc/lv_anim.c:157:6:lv_anim_delete	24	static
../Core/Src/lvgl/src/misc/lv_anim.c:180:6:lv_anim_delete_all	8	static
../Core/Src/lvgl/src/misc/lv_anim.c:186:13:lv_anim_get	24	static
../Core/Src/lvgl/src/misc/lv_anim.c:198:14:lv_anim_get_timer	4	static
../Core/Src/lvgl/src/misc/lv_anim.c:203:10:lv_anim_count_running	16	static
../Core/Src/lvgl/src/misc/lv_anim.c:212:10:lv_anim_speed_clamped	24	static
../Core/Src/lvgl/src/misc/lv_anim.c:237:10:lv_anim_speed	16	static
../Core/Src/lvgl/src/misc/lv_anim.c:242:10:lv_anim_speed_to_time	32	static
../Core/Src/lvgl/src/misc/lv_anim.c:252:6:lv_anim_refr_now	8	static
../Core/Src/lvgl/src/misc/lv_anim.c:257:9:lv_anim_path_linear	32	static
../Core/Src/lvgl/src/misc/lv_anim.c:272:9:lv_anim_path_ease_in	24	static
../Core/Src/lvgl/src/misc/lv_anim.c:278:9:lv_anim_path_ease_out	24	static
../Core/Src/lvgl/src/misc/lv_anim.c:284:9:lv_anim_path_ease_in_out	24	static
../Core/Src/lvgl/src/misc/lv_anim.c:290:9:lv_anim_path_overshoot	24	static
../Core/Src/lvgl/src/misc/lv_anim.c:295:9:lv_anim_path_bounce	40	static
../Core/Src/lvgl/src/misc/lv_anim.c:347:9:lv_anim_path_step	16	static
../Core/Src/lvgl/src/misc/lv_anim.c:355:9:lv_anim_path_custom_bezier3	32	static
../Core/Src/lvgl/src/misc/lv_anim.c:361:6:lv_anim_set_var	16	static
../Core/Src/lvgl/src/misc/lv_anim.c:366:6:lv_anim_set_exec_cb	16	static
../Core/Src/lvgl/src/misc/lv_anim.c:371:6:lv_anim_set_duration	16	static
../Core/Src/lvgl/src/misc/lv_anim.c:376:6:lv_anim_set_delay	16	static
../Core/Src/lvgl/src/misc/lv_anim.c:381:6:lv_anim_set_values	24	static
../Core/Src/lvgl/src/misc/lv_anim.c:388:6:lv_anim_set_custom_exec_cb	16	static
../Core/Src/lvgl/src/misc/lv_anim.c:393:6:lv_anim_set_path_cb	16	static
../Core/Src/lvgl/src/misc/lv_anim.c:398:6:lv_anim_set_start_cb	16	static
../Core/Src/lvgl/src/misc/lv_anim.c:403:6:lv_anim_set_get_value_cb	16	static
../Core/Src/lvgl/src/misc/lv_anim.c:408:6:lv_anim_set_completed_cb	16	static
../Core/Src/lvgl/src/misc/lv_anim.c:413:6:lv_anim_set_deleted_cb	16	static
../Core/Src/lvgl/src/misc/lv_anim.c:418:6:lv_anim_set_reverse_duration	16	static
../Core/Src/lvgl/src/misc/lv_anim.c:423:6:lv_anim_set_reverse_time	16	static
../Core/Src/lvgl/src/misc/lv_anim.c:428:6:lv_anim_set_reverse_delay	16	static
../Core/Src/lvgl/src/misc/lv_anim.c:433:6:lv_anim_set_repeat_count	16	static
../Core/Src/lvgl/src/misc/lv_anim.c:438:6:lv_anim_set_repeat_delay	16	static
../Core/Src/lvgl/src/misc/lv_anim.c:443:6:lv_anim_set_early_apply	16	static
../Core/Src/lvgl/src/misc/lv_anim.c:448:6:lv_anim_set_user_data	16	static
../Core/Src/lvgl/src/misc/lv_anim.c:453:6:lv_anim_set_bezier3_param	32	static
../Core/Src/lvgl/src/misc/lv_anim.c:463:10:lv_anim_get_delay	16	static
../Core/Src/lvgl/src/misc/lv_anim.c:468:10:lv_anim_get_time	16	static
../Core/Src/lvgl/src/misc/lv_anim.c:473:10:lv_anim_get_repeat_count	16	static
../Core/Src/lvgl/src/misc/lv_anim.c:478:8:lv_anim_get_user_data	16	static
../Core/Src/lvgl/src/misc/lv_anim.c:483:6:lv_anim_custom_delete	16	static
../Core/Src/lvgl/src/misc/lv_anim.c:488:13:lv_anim_custom_get	16	static
../Core/Src/lvgl/src/misc/lv_anim.c:493:10:lv_anim_resolve_speed	48	static
../Core/Src/lvgl/src/misc/lv_anim.c:507:6:lv_anim_is_paused	16	static
../Core/Src/lvgl/src/misc/lv_anim.c:513:6:lv_anim_pause	16	static
../Core/Src/lvgl/src/misc/lv_anim.c:519:6:lv_anim_pause_for	16	static
../Core/Src/lvgl/src/misc/lv_anim.c:525:6:lv_anim_resume	16	static
../Core/Src/lvgl/src/misc/lv_anim.c:541:13:anim_timer	56	static
../Core/Src/lvgl/src/misc/lv_anim.c:637:13:anim_completed_handler	24	static
../Core/Src/lvgl/src/misc/lv_anim.c:685:13:anim_mark_list_change	8	static
../Core/Src/lvgl/src/misc/lv_anim.c:694:16:lv_anim_path_cubic_bezier	48	static
../Core/Src/lvgl/src/misc/lv_anim.c:708:13:lv_anim_pause_for_internal	16	static
../Core/Src/lvgl/src/misc/lv_anim.c:716:13:resolve_time	16	static
../Core/Src/lvgl/src/misc/lv_anim.c:730:13:remove_concurrent_anims	24	static
../Core/Src/lvgl/src/misc/lv_anim.c:765:13:remove_anim	24	static
