../Core/Src/lvgl/src/widgets/textarea/../../core/../misc/../font/../draw/../misc/lv_area.h:107:20:lv_area_copy	16	static
../Core/Src/lvgl/src/widgets/textarea/../../core/lv_obj_style_gen.h:154:23:lv_obj_get_style_pad_top	24	static
../Core/Src/lvgl/src/widgets/textarea/../../core/lv_obj_style_gen.h:160:23:lv_obj_get_style_pad_bottom	24	static
../Core/Src/lvgl/src/widgets/textarea/../../core/lv_obj_style_gen.h:166:23:lv_obj_get_style_pad_left	24	static
../Core/Src/lvgl/src/widgets/textarea/../../core/lv_obj_style_gen.h:172:23:lv_obj_get_style_pad_right	24	static
../Core/Src/lvgl/src/widgets/textarea/../../core/lv_obj_style_gen.h:340:23:lv_obj_get_style_border_width	24	static
../Core/Src/lvgl/src/widgets/textarea/../../core/lv_obj_style_gen.h:532:26:lv_obj_get_style_text_color	24	static
../Core/Src/lvgl/src/widgets/textarea/../../core/lv_obj_style_gen.h:550:33:lv_obj_get_style_text_font	24	static
../Core/Src/lvgl/src/widgets/textarea/../../core/lv_obj_style_gen.h:562:23:lv_obj_get_style_text_line_space	24	static
../Core/Src/lvgl/src/widgets/textarea/../../core/lv_obj_style_gen.h:664:24:lv_obj_get_style_anim_duration	24	static
../Core/Src/lvgl/src/widgets/textarea/lv_textarea.c:185:12:lv_textarea_create	24	static
../Core/Src/lvgl/src/widgets/textarea/lv_textarea.c:197:6:lv_textarea_add_char	64	static
../Core/Src/lvgl/src/widgets/textarea/lv_textarea.c:269:6:lv_textarea_add_text	48	static
../Core/Src/lvgl/src/widgets/textarea/lv_textarea.c:319:6:lv_textarea_delete_char	48	static
../Core/Src/lvgl/src/widgets/textarea/lv_textarea.c:363:6:lv_textarea_delete_char_forward	24	static
../Core/Src/lvgl/src/widgets/textarea/lv_textarea.c:376:6:lv_textarea_set_text	32	static
../Core/Src/lvgl/src/widgets/textarea/lv_textarea.c:422:6:lv_textarea_set_placeholder_text	24	static
../Core/Src/lvgl/src/widgets/textarea/lv_textarea.c:451:6:lv_textarea_set_cursor_pos	56	static
../Core/Src/lvgl/src/widgets/textarea/lv_textarea.c:503:6:lv_textarea_set_cursor_click_pos	24	static
../Core/Src/lvgl/src/widgets/textarea/lv_textarea.c:511:6:lv_textarea_set_password_mode	24	static
../Core/Src/lvgl/src/widgets/textarea/lv_textarea.c:542:6:lv_textarea_set_password_bullet	24	static
../Core/Src/lvgl/src/widgets/textarea/lv_textarea.c:572:6:lv_textarea_set_one_line	32	static
../Core/Src/lvgl/src/widgets/textarea/lv_textarea.c:596:6:lv_textarea_set_accepted_chars	24	static
../Core/Src/lvgl/src/widgets/textarea/lv_textarea.c:605:6:lv_textarea_set_max_length	24	static
../Core/Src/lvgl/src/widgets/textarea/lv_textarea.c:614:6:lv_textarea_set_insert_replace	16	static
../Core/Src/lvgl/src/widgets/textarea/lv_textarea.c:622:6:lv_textarea_set_text_selection	24	static
../Core/Src/lvgl/src/widgets/textarea/lv_textarea.c:638:6:lv_textarea_set_password_show_time	24	static
../Core/Src/lvgl/src/widgets/textarea/lv_textarea.c:647:6:lv_textarea_set_align	16	static
../Core/Src/lvgl/src/widgets/textarea/lv_textarea.c:670:14:lv_textarea_get_text	24	static
../Core/Src/lvgl/src/widgets/textarea/lv_textarea.c:687:14:lv_textarea_get_placeholder_text	24	static
../Core/Src/lvgl/src/widgets/textarea/lv_textarea.c:696:12:lv_textarea_get_label	24	static
../Core/Src/lvgl/src/widgets/textarea/lv_textarea.c:704:10:lv_textarea_get_cursor_pos	24	static
../Core/Src/lvgl/src/widgets/textarea/lv_textarea.c:712:6:lv_textarea_get_cursor_click_pos	24	static
../Core/Src/lvgl/src/widgets/textarea/lv_textarea.c:720:6:lv_textarea_get_password_mode	24	static
../Core/Src/lvgl/src/widgets/textarea/lv_textarea.c:728:14:lv_textarea_get_password_bullet	56	static
../Core/Src/lvgl/src/widgets/textarea/lv_textarea.c:745:6:lv_textarea_get_one_line	24	static
../Core/Src/lvgl/src/widgets/textarea/lv_textarea.c:753:14:lv_textarea_get_accepted_chars	24	static
../Core/Src/lvgl/src/widgets/textarea/lv_textarea.c:762:10:lv_textarea_get_max_length	24	static
../Core/Src/lvgl/src/widgets/textarea/lv_textarea.c:770:6:lv_textarea_text_is_selected	24	static
../Core/Src/lvgl/src/widgets/textarea/lv_textarea.c:790:6:lv_textarea_get_text_selection	24	static
../Core/Src/lvgl/src/widgets/textarea/lv_textarea.c:803:10:lv_textarea_get_password_show_time	24	static
../Core/Src/lvgl/src/widgets/textarea/lv_textarea.c:812:10:lv_textarea_get_current_char	32	static
../Core/Src/lvgl/src/widgets/textarea/lv_textarea.c:829:6:lv_textarea_clear_selection	24	static
../Core/Src/lvgl/src/widgets/textarea/lv_textarea.c:846:6:lv_textarea_cursor_right	24	static
../Core/Src/lvgl/src/widgets/textarea/lv_textarea.c:855:6:lv_textarea_cursor_left	24	static
../Core/Src/lvgl/src/widgets/textarea/lv_textarea.c:866:6:lv_textarea_cursor_down	56	static
../Core/Src/lvgl/src/widgets/textarea/lv_textarea.c:895:6:lv_textarea_cursor_up	56	static
../Core/Src/lvgl/src/widgets/textarea/lv_textarea.c:923:13:lv_textarea_constructor	32	static
../Core/Src/lvgl/src/widgets/textarea/lv_textarea.c:963:13:lv_textarea_destructor	24	static
../Core/Src/lvgl/src/widgets/textarea/lv_textarea.c:982:13:lv_textarea_event	32	static
../Core/Src/lvgl/src/widgets/textarea/lv_textarea.c:1033:13:label_event_cb	32	static
../Core/Src/lvgl/src/widgets/textarea/lv_textarea.c:1051:13:cursor_blink_anim_cb	40	static
../Core/Src/lvgl/src/widgets/textarea/lv_textarea.c:1073:13:pwd_char_hider_anim	16	static
../Core/Src/lvgl/src/widgets/textarea/lv_textarea.c:1083:13:pwd_char_hider_anim_completed	24	static
../Core/Src/lvgl/src/widgets/textarea/lv_textarea.c:1093:13:pwd_char_hider	48	static
../Core/Src/lvgl/src/widgets/textarea/lv_textarea.c:1129:13:char_is_accepted	40	static
../Core/Src/lvgl/src/widgets/textarea/lv_textarea.c:1150:13:start_cursor_blink	120	static
../Core/Src/lvgl/src/widgets/textarea/lv_textarea.c:1172:13:refr_cursor_area	136	static
../Core/Src/lvgl/src/widgets/textarea/lv_textarea.c:1253:13:update_cursor_position_on_click	88	static
../Core/Src/lvgl/src/widgets/textarea/lv_textarea.c:1371:20:insert_handler	16	static
../Core/Src/lvgl/src/widgets/textarea/lv_textarea.c:1391:13:draw_placeholder	176	static
../Core/Src/lvgl/src/widgets/textarea/lv_textarea.c:1423:13:draw_cursor	304	static
../Core/Src/lvgl/src/widgets/textarea/lv_textarea.c:1472:13:auto_hide_characters	120	static
../Core/Src/lvgl/src/widgets/textarea/lv_textarea.c:1492:13:auto_hide_characters_cancel	16	static
../Core/Src/lvgl/src/widgets/textarea/lv_textarea.c:1497:20:is_valid_but_non_printable_char	16	static
